{
    "alerts": [
        "system_policy_prevents_loading_kext"
    ]
}
